// Jest Snapshot v1, https://goo.gl/fbAQLP

exports[`Pokemon should match snapshot 1`] = `
Object {
  "asFragment": [Function],
  "baseElement": <body>
    <div>
      <div
        class="MuiPaper-root MuiPaper-elevation MuiPaper-rounded MuiPaper-elevation1 MuiCard-root css-1tujc56-MuiPaper-root-MuiCard-root"
      >
        <img
          alt="Pikachu"
          class="MuiCardMedia-root MuiCardMedia-media MuiCardMedia-img css-t7s8y2-MuiCardMedia-root"
          height="260"
          src="url"
        />
        <div
          class="MuiCardActions-root MuiCardActions-spacing css-72hqeq-MuiCardActions-root"
        >
          <div
            class="MuiTypography-root MuiTypography-h4 MuiTypography-gutterBottom css-1m4q058-MuiTypography-root"
          >
            Pikachu
          </div>
        </div>
        <div
          class="MuiCardActions-root MuiCardActions-spacing css-72hqeq-MuiCardActions-root"
        >
          <button
            class="MuiButtonBase-root MuiButton-root MuiButton-text MuiButton-textPrimary MuiButton-sizeLarge MuiButton-textSizeLarge css-kpm0tx-MuiButtonBase-root-MuiButton-root"
            tabindex="0"
            type="button"
          >
            <span
              class="MuiButton-startIcon MuiButton-iconSizeLarge css-htszrh-MuiButton-startIcon"
            >
              <div
                class="MuiAvatar-root MuiAvatar-circular css-1wlk0hk-MuiAvatar-root"
              >
                <img
                  class="MuiAvatar-img css-1pqm26d-MuiAvatar-img"
                  src="https://upload.wikimedia.org/wikipedia/commons/thumb/5/53/Pok%C3%A9_Ball_icon.svg/2052px-Pok%C3%A9_Ball_icon.svg.png"
                />
              </div>
            </span>
            <span
              class="MuiTouchRipple-root css-8je8zh-MuiTouchRipple-root"
            />
          </button>
        </div>
      </div>
    </div>
  </body>,
  "container": <div>
    <div
      class="MuiPaper-root MuiPaper-elevation MuiPaper-rounded MuiPaper-elevation1 MuiCard-root css-1tujc56-MuiPaper-root-MuiCard-root"
    >
      <img
        alt="Pikachu"
        class="MuiCardMedia-root MuiCardMedia-media MuiCardMedia-img css-t7s8y2-MuiCardMedia-root"
        height="260"
        src="url"
      />
      <div
        class="MuiCardActions-root MuiCardActions-spacing css-72hqeq-MuiCardActions-root"
      >
        <div
          class="MuiTypography-root MuiTypography-h4 MuiTypography-gutterBottom css-1m4q058-MuiTypography-root"
        >
          Pikachu
        </div>
      </div>
      <div
        class="MuiCardActions-root MuiCardActions-spacing css-72hqeq-MuiCardActions-root"
      >
        <button
          class="MuiButtonBase-root MuiButton-root MuiButton-text MuiButton-textPrimary MuiButton-sizeLarge MuiButton-textSizeLarge css-kpm0tx-MuiButtonBase-root-MuiButton-root"
          tabindex="0"
          type="button"
        >
          <span
            class="MuiButton-startIcon MuiButton-iconSizeLarge css-htszrh-MuiButton-startIcon"
          >
            <div
              class="MuiAvatar-root MuiAvatar-circular css-1wlk0hk-MuiAvatar-root"
            >
              <img
                class="MuiAvatar-img css-1pqm26d-MuiAvatar-img"
                src="https://upload.wikimedia.org/wikipedia/commons/thumb/5/53/Pok%C3%A9_Ball_icon.svg/2052px-Pok%C3%A9_Ball_icon.svg.png"
              />
            </div>
          </span>
          <span
            class="MuiTouchRipple-root css-8je8zh-MuiTouchRipple-root"
          />
        </button>
      </div>
    </div>
  </div>,
  "debug": [Function],
  "findAllByAltText": [Function],
  "findAllByDisplayValue": [Function],
  "findAllByLabelText": [Function],
  "findAllByPlaceholderText": [Function],
  "findAllByRole": [Function],
  "findAllByTestId": [Function],
  "findAllByText": [Function],
  "findAllByTitle": [Function],
  "findByAltText": [Function],
  "findByDisplayValue": [Function],
  "findByLabelText": [Function],
  "findByPlaceholderText": [Function],
  "findByRole": [Function],
  "findByTestId": [Function],
  "findByText": [Function],
  "findByTitle": [Function],
  "getAllByAltText": [Function],
  "getAllByDisplayValue": [Function],
  "getAllByLabelText": [Function],
  "getAllByPlaceholderText": [Function],
  "getAllByRole": [Function],
  "getAllByTestId": [Function],
  "getAllByText": [Function],
  "getAllByTitle": [Function],
  "getByAltText": [Function],
  "getByDisplayValue": [Function],
  "getByLabelText": [Function],
  "getByPlaceholderText": [Function],
  "getByRole": [Function],
  "getByTestId": [Function],
  "getByText": [Function],
  "getByTitle": [Function],
  "queryAllByAltText": [Function],
  "queryAllByDisplayValue": [Function],
  "queryAllByLabelText": [Function],
  "queryAllByPlaceholderText": [Function],
  "queryAllByRole": [Function],
  "queryAllByTestId": [Function],
  "queryAllByText": [Function],
  "queryAllByTitle": [Function],
  "queryByAltText": [Function],
  "queryByDisplayValue": [Function],
  "queryByLabelText": [Function],
  "queryByPlaceholderText": [Function],
  "queryByRole": [Function],
  "queryByTestId": [Function],
  "queryByText": [Function],
  "queryByTitle": [Function],
  "rerender": [Function],
  "unmount": [Function],
}
`;
